// Vitest Snapshot v1, https://vitest.dev/guide/snapshot.html

exports[`SettingsDialog (class) > matches a snapshot of the offered settings 1`] = `
[
  "Color theme",
  "Track viewer zoom",
  "Add a bar when notes run past the last one",
  "Show permission indicator",
  "Show tutorial on startup",
]
`;
