// Vitest Snapshot v1, https://vitest.dev/guide/snapshot.html

exports[`SettingsDialog (class) > matches snapshot for default rendering 1`] = `
<dialog
  class="dialog du-modal"
  id="settingsDialog"
>
  <div
    class="du-modal-box"
  >
    <div
      class="container font-bold text-lg"
      style="flex-direction: row; align-items: center;"
    >
      <div
        class="icon codicon codicon-gear"
        style="font-size: 24px; margin-right: 8px;"
      />
      Settings
    </div>
    <div
      class="container settings-card"
      style="flex-direction: column;"
    >
      <div
        class="container settings-row"
        style="flex-direction: row; justify-content: space-between; align-items: center;"
      >
        <span
          class="settings-row-label"
        >
          Color theme
        </span>
        <div
          class="dropdownHost"
        >
          <button
            class="btn du-btn"
            popovertarget="popover-2"
            style="anchor-name: --anchor-1;"
          >
            Light+
          </button>
          <ul
            class="dropdown menu w-52 rounded-box bg-base-100 shadow-sm"
            id="popover-2"
            popover="auto"
            style="position-anchor: --anchor-1;"
          >
            <li
              class=""
            >
              <a>
                Auto
              </a>
            </li>
            <li
              class=""
            >
              <a>
                ──────────
              </a>
            </li>
            <li
              class=""
            >
              <a>
                Light High Contrast
              </a>
            </li>
            <li
              class="selected"
            >
              <a>
                Light+
              </a>
            </li>
            <li
              class=""
            >
              <a>
                Quiet Light
              </a>
            </li>
            <li
              class=""
            >
              <a>
                Solarized Light
              </a>
            </li>
            <li
              class=""
            >
              <a>
                ──────────
              </a>
            </li>
            <li
              class=""
            >
              <a>
                Abyss
              </a>
            </li>
            <li
              class=""
            >
              <a>
                Dark High Contrast
              </a>
            </li>
            <li
              class=""
            >
              <a>
                Kimbie Dark
              </a>
            </li>
            <li
              class=""
            >
              <a>
                Monokai
              </a>
            </li>
            <li
              class=""
            >
              <a>
                Monokai Dimmed
              </a>
            </li>
            <li
              class=""
            >
              <a>
                Dark+
              </a>
            </li>
            <li
              class=""
            >
              <a>
                Red
              </a>
            </li>
            <li
              class=""
            >
              <a>
                Solarized Dark
              </a>
            </li>
            <li
              class=""
            >
              <a>
                Tomorrow Night Blue
              </a>
            </li>
          </ul>
        </div>
      </div>
      <div
        class="container settings-row"
        style="flex-direction: row; justify-content: space-between; align-items: center;"
      >
        <span
          class="settings-row-label"
        >
          Track viewer zoom
        </span>
        <div
          class="container"
          style="flex-direction: row; align-items: center;"
        >
          <span
            class="label"
            style="margin-right: 8px;"
          >
            100%
          </span>
          <button
            class="btn du-btn zoomButton"
          >
            -
          </button>
          <button
            class="btn du-btn zoomButton"
          >
            +
          </button>
          <button
            class="btn du-btn resetButton"
          >
            Reset
          </button>
        </div>
      </div>
    </div>
    <div
      class="du-modal-action"
    >
      <form
        method="dialog"
      >
        <button
          class="btn du-btn"
          id="settings-button-cancel"
          value="cancel"
        >
          Cancel
        </button>
        <button
          class="btn du-btn"
          id="settings-button-save"
          value="save"
        >
          Save
        </button>
      </form>
    </div>
  </div>
</dialog>
`;
